// Jest Snapshot v1, https://goo.gl/fbAQLP

exports[`Clipboard should render the Clipboard Component correctly 1`] = `ShallowWrapper {}`;
