// Jest Snapshot v1, https://goo.gl/fbAQLP

exports[`Label should render the Label Component correctly 1`] = `ShallowWrapper {}`;
