// Jest Snapshot v1, https://goo.gl/fbAQLP

exports[`MethodTwo should render the MethodTwo Component correctly 1`] = `ReactWrapper {}`;
