// Jest Snapshot v1, https://goo.gl/fbAQLP

exports[`MethodThree should render the MethodThree Component correctly 1`] = `ReactWrapper {}`;
