// Jest Snapshot v1, https://goo.gl/fbAQLP

exports[`MethodOne should render the MethodOne Component correctly 1`] = `ReactWrapper {}`;
